// Jest Snapshot v1, https://goo.gl/fbAQLP

exports[`source copyMissingIds should copy missing entries 1`] = `
Array [
  Object {
    "commonID": "test1",
    "data": Object {},
    "date": 1970-01-01T00:00:00.000Z,
    "id": "test1",
    "sequentialID": 1,
  },
  Object {
    "commonID": "test2",
    "data": Object {},
    "date": 1970-01-01T00:00:00.000Z,
    "id": "test2",
    "sequentialID": 2,
  },
  Object {
    "__v": 0,
    "commonID": "test3",
    "data": Object {
      "test": 3,
    },
    "date": 1970-01-01T00:00:00.000Z,
    "id": "test3",
    "sequentialID": 3,
  },
]
`;

exports[`source copyMissingIds should copy missing entries when driver returns a set 1`] = `
Array [
  Object {
    "commonID": "test1",
    "data": Object {},
    "date": 1970-01-01T00:00:00.000Z,
    "id": "test1",
    "sequentialID": 1,
  },
  Object {
    "commonID": "test2",
    "data": Object {},
    "date": 1970-01-01T00:00:00.000Z,
    "id": "test2",
    "sequentialID": 2,
  },
  Object {
    "__v": 0,
    "commonID": "test3",
    "data": Object {
      "test": 3,
    },
    "date": 1970-01-01T00:00:00.000Z,
    "id": "test3",
    "sequentialID": 3,
  },
]
`;
